Draw.c:287:5:Get_TAB_8x11	0	static
Draw.c:294:6:Print_Str	48	static
Draw.c:344:6:PrintText	24	static
Draw.c:329:6:PrintConfigName	24	static
Draw.c:374:6:Print_Str2	88	static
Draw.c:946:6:Draw_Mark	48	static
Draw.c:1247:6:InitiateCharArrays	8	static
Draw.c:1328:6:LoadChars	48	static
Draw.c:1681:5:IndexPosition	0	static
Draw.c:1259:6:Uart	128	static
Draw.c:1786:4:BitReadPosition	12	static
Draw.c:1686:6:Spi	64	static
Draw.c:1836:6:i2c	48	static
Draw.c:1996:6:LoadBuffer	64	static
Draw.c:2113:6:Print_Str_Row	16	static
Draw.c:1959:6:DisplayFFtValues	40	static
Draw.c:1900:6:DisplayDbScale	64	static
Draw.c:2046:6:LoadFFTbuffer	32	static
Draw.c:1453:6:PrintDir	128	static
Draw.c:1430:6:SpiChart	64	static
Draw.c:1523:6:PrintUart	120	static
Draw.c:1165:6:DisplayDetFrqn	104	static
Draw.c:2143:6:VernierMark	0	static
Draw.c:2150:6:LoadBaseBuffers	16	static
Draw.c:2166:6:TraceShadow	12	static
Draw.c:2173:6:Base1	4	static
Draw.c:2178:6:ClearFFTbuffer	0	static
Draw.c:2183:5:ScaleXposi	8	static
Draw.c:2193:6:ClearScreenArea	32	static
Draw.c:1110:6:Clear_Meter_Area	8	static
Draw.c:2204:6:NFreqParse	24	static
Draw.c:2220:5:ColorIndexGen	4	static
Draw.c:2253:6:DrawPixel	8	static
Draw.c:1116:6:LoadXYBuffer	40	static
Draw.c:1043:6:Update_View_Area	40	static
Draw.c:2258:6:DrawBase	16	static
Draw.c:2263:4:UartLogic	8	static
Draw.c:2267:4:i2cLogic	8	static
Draw.c:2271:4:SpiLogic	8	static
Draw.c:987:6:Update_Mark	24	static
Draw.c:2275:6:UpdateMarkLogic	8	static
Draw.c:2279:6:DisplayDeltaValues	40	static
Draw.c:2296:6:DisplayCursorValues	32	static
Draw.c:437:6:Draw_Row	80	static
Draw.c:676:6:Draw_Window	88	static
