Files.c:91:4:InitFileSystem	24	static
Files.c:135:6:Print_Clk	16	static
Files.c:143:4:Make_Filename	16	static
Files.c:156:4:Color_Num	0	static
Files.c:221:4:Load_Dat	48	static
Files.c:367:4:Load_Bmp	88	static
Files.c:499:4:WriteFileSec	16	static
Files.c:511:4:Load_Arbt	72	static
Files.c:605:4:DeleteFile	40	static
Files.c:686:6:FileMessage	24	static
Files.c:572:4:ReadDir	336	static
Files.c:732:4:FileEntryAdd	24	static
Files.c:699:4:Load_Uart	320	static
Files.c:837:6:save_parameter	56	static
Files.c:869:6:reset_parameter	48	static
Files.c:913:4:WriteSector	16	static
Files.c:254:4:Save_Dat	64	static
Files.c:182:4:Save_Img	48	static
Files.c:918:4:CSVdataModeLogic	8	static
Files.c:923:5:CSVdata	48	static
Files.c:1449:4:OverWriteWarn	24	static
Files.c:940:4:Save_Csv	144	static
Files.c:425:4:Save_Buf	72	static
Files.c:293:4:Save_Bmp	64	static
Files.c:1464:6:ProcessConfigName	0	static
Files.c:1299:4:Save_Param	136	static
Files.c:1142:4:Load_Param	136	static
Files.c:1485:6:UpdateFileMenu	8	static
Files.c:755:4:Load_Buf	80	static
