Interrupt.c:31:6:NMIException	0	static
Interrupt.c:34:6:HardFaultException	0	static
Interrupt.c:39:6:MemManageException	0	static
Interrupt.c:44:6:BusFaultException	0	static
Interrupt.c:48:6:UsageFaultException	0	static
Interrupt.c:53:6:DebugMonitor	0	static
Interrupt.c:56:6:SVCHandler	0	static
Interrupt.c:59:6:PendSVC	0	static
Interrupt.c:62:6:SysTickHandler	0	static
Interrupt.c:65:6:WWDG_IRQHandler	0	static
Interrupt.c:68:6:PVD_IRQHandler	0	static
Interrupt.c:71:6:TAMPER_IRQHandler	0	static
Interrupt.c:74:6:RTC_IRQHandler	0	static
Interrupt.c:77:6:FLASH_IRQHandler	0	static
Interrupt.c:80:6:RCC_IRQHandler	0	static
Interrupt.c:83:6:EXTI0_IRQHandler	0	static
Interrupt.c:86:6:EXTI1_IRQHandler	0	static
Interrupt.c:89:6:EXTI2_IRQHandler	0	static
Interrupt.c:92:6:EXTI3_IRQHandler	0	static
Interrupt.c:95:6:EXTI4_IRQHandler	0	static
Interrupt.c:98:6:DMA1_Channel1_IRQHandler	0	static
Interrupt.c:101:6:DMA1_Channel2_IRQHandler	0	static
Interrupt.c:104:6:DMA1_Channel3_IRQHandler	0	static
Interrupt.c:107:6:DMA1_Channel4_IRQHandler	0	static
Interrupt.c:110:6:DMA1_Channel5_IRQHandler	0	static
Interrupt.c:113:6:DMA1_Channel6_IRQHandler	0	static
Interrupt.c:116:6:DMA1_Channel7_IRQHandler	0	static
Interrupt.c:119:6:ADC1_2_IRQHandler	0	static
Interrupt.c:122:6:USB_HP_CAN_TX_IRQHandler	0	static
Interrupt.c:127:6:USB_LP_CAN_RX0_IRQHandler	0	static
Interrupt.c:132:6:CAN_RX1_IRQHandler	0	static
Interrupt.c:135:6:CAN_SCE_IRQHandler	0	static
Interrupt.c:138:6:EXTI9_5_IRQHandler	0	static
Interrupt.c:141:6:TIM1_BRK_IRQHandler	0	static
Interrupt.c:144:6:TIM1_UP_IRQHandler	0	static
Interrupt.c:147:6:TIM1_TRG_COM_IRQHandler	0	static
Interrupt.c:150:6:TIM1_CC_IRQHandler	0	static
Interrupt.c:153:6:TIM2_IRQHandler	24	static
Interrupt.c:353:6:TIM3_IRQHandler	16	static
Interrupt.c:415:6:TIM4_IRQHandler	24	static
Interrupt.c:459:6:I2C1_EV_IRQHandler	0	static
Interrupt.c:462:6:I2C1_ER_IRQHandler	0	static
Interrupt.c:465:6:I2C2_EV_IRQHandler	0	static
Interrupt.c:468:6:I2C2_ER_IRQHandler	0	static
Interrupt.c:471:6:SPI1_IRQHandler	0	static
Interrupt.c:474:6:SPI2_IRQHandler	0	static
Interrupt.c:477:6:USART1_IRQHandler	0	static
Interrupt.c:480:6:USART2_IRQHandler	0	static
Interrupt.c:483:6:USART3_IRQHandler	0	static
Interrupt.c:486:6:EXTI15_10_IRQHandler	0	static
Interrupt.c:489:6:RTCAlarm_IRQHandler	0	static
Interrupt.c:492:6:USBWakeUp_IRQHandler	0	static
Interrupt.c:501:6:TIM8_BRK_IRQHandler	0	static
Interrupt.c:512:6:TIM8_UP_IRQHandler	0	static
Interrupt.c:523:6:TIM8_TRG_COM_IRQHandler	0	static
Interrupt.c:533:6:TIM8_CC_IRQHandler	0	static
Interrupt.c:543:6:ADC3_IRQHandler	0	static
Interrupt.c:553:6:FSMC_IRQHandler	0	static
Interrupt.c:563:6:SDIO_IRQHandler	0	static
Interrupt.c:577:6:TIM5_IRQHandler	0	static
Interrupt.c:587:6:SPI3_IRQHandler	0	static
Interrupt.c:597:6:UART4_IRQHandler	0	static
Interrupt.c:607:6:UART5_IRQHandler	0	static
Interrupt.c:617:6:TIM6_IRQHandler	0	static
Interrupt.c:627:6:TIM7_IRQHandler	0	static
Interrupt.c:637:6:DMA2_Channel1_IRQHandler	0	static
Interrupt.c:647:6:DMA2_Channel2_IRQHandler	0	static
Interrupt.c:657:6:DMA2_Channel3_IRQHandler	0	static
Interrupt.c:668:6:DMA2_Channel4_5_IRQHandler	0	static
