Main.c:2783:6:MeterDefaults	20	static
Main.c:2832:6:DisableMeter	8	static
Main.c:2869:6:EnableTitleMeters	12	static
Main.c:2885:6:UpdateBigMeters	16	static
Main.c:2841:6:EnableMeter	24	static
Main.c:2908:6:UpdateMeterPage	64	static
Main.c:3032:5:GetHoldoffIndPos	0	static
Main.c:3084:6:EnableChannel	16	static
Main.c:3097:6:UpdateTriggerMem	0	static
Main.c:3105:6:SelUpdate	0	static
Main.c:3109:6:TriggFlagUpdate	0	static
Main.c:3114:6:MessageHandler	0	static
Main.c:3119:6:CurDetailUpdate	0	static
Main.c:3124:6:ChannelStatus	20	static
Main.c:3135:6:MeterUpdate	8	static
Main.c:3140:6:TrigMemory	16	static
Main.c:3149:6:BackLight	0	static
Main.c:3156:6:PWMdutyControl	0	static
Main.c:3162:6:PWMscaleReset	12	static
Main.c:3202:6:SetIRQ2Priority	16	static
Main.c:3222:6:BurstAdjust	0	static
Main.c:3241:6:InitChart	16	static
Main.c:2969:6:Config_init	24	static
Main.c:3036:4:ConfigFile	32	static
Main.c:3266:6:ProcessEditName	4	static
Main.c:3288:6:ResetEditList	16	static
Main.c:3421:4:CursorSpeedLogic	0	static
Main.c:3431:6:UpdateFrameMode	16	static
Main.c:3304:4:LeftToggleSpecialFunctions	32	static
Main.c:193:5:main	688	static
