Menu.c:316:6:Display_Meter	40	static
Menu.c:1075:6:Load_Attr	24	static
Menu.c:1094:6:Update_Battery	24	static
Menu.c:1145:6:DisplayBigMeter	80	static
Menu.c:1270:5:TimeScaleCorrection	0	static
Menu.c:1290:5:UpScale	8	static
Menu.c:1307:6:CalculateTimeMeters	32	static
Menu.c:1352:5:ClockAdjust	4	static
Menu.c:1344:5:Period	8	static
Menu.c:1361:4:MeterChannelLogic	0	static
Menu.c:1376:6:FFTlevel	40	static
Menu.c:1499:6:DisplaySamples	64	static
Menu.c:1832:6:GenTrigColor	4	static
Menu.c:1849:7:UpdatePWMDuty	4	static
Menu.c:1435:6:OutputAdjust	32	static
Menu.c:1412:6:TIM_2IRQControl	8	static
Menu.c:1895:6:SyncSweep	16	static
Menu.c:1916:4:DetStatusLogic	0	static
Menu.c:1922:4:ChDetLogic	0	static
Menu.c:1856:8:AlignTbaseSweep	24	static
Menu.c:1928:4:ChartLogic	0	static
Menu.c:1932:4:ListLogic	0	static
Menu.c:1936:4:EditListActive	0	static
Menu.c:1940:6:UpdateEditBox	32	static
Menu.c:1968:5:KpCompensation	0	static
Menu.c:362:6:Display_Value	56	static
Menu.c:1985:6:CalculateTvernier	88	static
Menu.c:2160:6:ProcessCursorDisplayStr	0	static
Menu.c:2171:6:CalculateVvernier	32	static
Menu.c:661:6:Display_Title	88	static
Menu.c:2193:6:AutoSet	40	static
