Process.c:381:6:BackGround_Reset	32	static
Process.c:404:6:App_init	8	static
Process.c:844:6:ResetDMA2_Ch4Params	16	static
Process.c:858:6:CalculateArbtTimer	4	static
Process.c:997:6:UpdateTLevels	20	static
Process.c:2039:6:Send_Data	24	static
Process.c:2396:5:get_bag_max_buf	8	static
Process.c:2412:6:Beeper	16	static
Process.c:2442:6:cleardatabuf	12	static
Process.c:2482:6:TransferFIFO	56	static
Process.c:2598:6:SetOffset	8	static
Process.c:2630:4:InterpolateS8	16	static
Process.c:2637:5:InterpolateU16	16	static
Process.c:2609:6:BatLevelCompensation	16	static
Process.c:2657:5:QParam	24	static
Process.c:2644:5:QError	32	static
Process.c:2777:5:VRunAvg	0	static
Process.c:2786:6:RunAvg	4	static
Process.c:2709:6:Average	16	static
Process.c:2843:6:ClearHold	0	static
Process.c:2835:6:ClearMinMax	0	static
Process.c:2849:6:ClearTrackBuff	12	static
Process.c:2866:5:Log10Process	8	static
Process.c:2936:5:WaveValue	0	static
Process.c:2883:6:WaveGen	72	static
Process.c:2944:6:InitiateCalData	0	static
Process.c:2961:6:InitiateOSBuffers	20	static
Process.c:2979:5:RandomGen	0	static
Process.c:2986:4:TriggerModeLogic	0	static
Process.c:2990:4:OSBufferLogic	16	static
Process.c:883:6:Update_Trig	32	static
Process.c:2417:6:AlternateChannel	4	static
Process.c:644:6:Update_Output	24	static
Process.c:418:6:Update_Range	16	static
Process.c:443:6:Update_Base	24	static
Process.c:3003:5:GetXposRef	16	static
Process.c:3014:5:GetXpos	8	static
Process.c:3033:6:CursorDisplaySelectLogic	4	static
Process.c:3024:6:UpdateCursorMeter	8	static
Process.c:3055:6:DownConvertRestore	16	static
Process.c:482:6:FFTdownConvert	104	static
Process.c:2795:6:ResetSum	16	static
Process.c:2996:6:ClearMeters	8	static
Process.c:1005:6:Process	232	static
Process.c:2117:6:Synchro	40	static
