stm32f10x_nvic.c:36:6:NVIC_DeInit	0	static
stm32f10x_nvic.c:59:6:NVIC_SCBDeInit	4	static
stm32f10x_nvic.c:97:6:NVIC_PriorityGroupConfig	0	static
stm32f10x_nvic.c:116:6:NVIC_Init	8	static
stm32f10x_nvic.c:168:6:NVIC_StructInit	0	static
stm32f10x_nvic.c:184:6:NVIC_SETPRIMASK	0	static
stm32f10x_nvic.c:196:6:NVIC_RESETPRIMASK	0	static
stm32f10x_nvic.c:208:6:NVIC_SETFAULTMASK	0	static
stm32f10x_nvic.c:220:6:NVIC_RESETFAULTMASK	0	static
stm32f10x_nvic.c:234:6:NVIC_BASEPRICONFIG	0	static
stm32f10x_nvic.c:249:5:NVIC_GetBASEPRI	0	static
stm32f10x_nvic.c:261:5:NVIC_GetCurrentPendingIRQChannel	0	static
stm32f10x_nvic.c:274:10:NVIC_GetIRQChannelPendingBitStatus	0	static
stm32f10x_nvic.c:302:6:NVIC_SetIRQChannelPendingBit	0	static
stm32f10x_nvic.c:317:6:NVIC_ClearIRQChannelPendingBit	0	static
stm32f10x_nvic.c:333:5:NVIC_GetCurrentActiveHandler	0	static
stm32f10x_nvic.c:346:10:NVIC_GetIRQChannelActiveBitStatus	0	static
stm32f10x_nvic.c:375:5:NVIC_GetCPUID	0	static
stm32f10x_nvic.c:393:6:NVIC_SetVectorTable	0	static
stm32f10x_nvic.c:409:6:NVIC_GenerateSystemReset	0	static
stm32f10x_nvic.c:421:6:NVIC_GenerateCoreReset	0	static
stm32f10x_nvic.c:440:6:NVIC_SystemLPConfig	0	static
stm32f10x_nvic.c:470:6:NVIC_SystemHandlerConfig	0	static
stm32f10x_nvic.c:510:6:NVIC_SystemHandlerPriorityConfig	16	static
stm32f10x_nvic.c:552:10:NVIC_GetSystemHandlerPendingBitStatus	0	static
stm32f10x_nvic.c:590:6:NVIC_SetSystemHandlerPendingBit	0	static
stm32f10x_nvic.c:614:6:NVIC_ClearSystemHandlerPendingBit	0	static
stm32f10x_nvic.c:644:10:NVIC_GetSystemHandlerActiveBitStatus	0	static
stm32f10x_nvic.c:684:5:NVIC_GetFaultHandlerSources	0	static
stm32f10x_nvic.c:730:5:NVIC_GetFaultAddress	0	static
